<?xml version="1.0" encoding="ISO-8859-1" ?>
<link_info>
   <banner>MSP430 Linker Unix v18.1.4.LTS</banner>
   <copyright>Copyright (c) 2003-2018 Texas Instruments Incorporated</copyright>
   <link_time>0x5dd82f3e</link_time>
   <link_errors>0x0</link_errors>
   <output_file>wheel_chair.out</output_file>
   <entry_point>
      <name>_c_int00_noargs</name>
      <address>0xddb4</address>
   </entry_point>
   <input_file_list>
      <input_file id="fl-2">
         <path>./</path>
         <kind>object</kind>
         <file>hal_LCD.obj</file>
         <name>hal_LCD.obj</name>
      </input_file>
      <input_file id="fl-3">
         <path>./</path>
         <kind>object</kind>
         <file>main.obj</file>
         <name>main.obj</name>
      </input_file>
      <input_file id="fl-4">
         <path>./driverlib/</path>
         <kind>object</kind>
         <file>adc.obj</file>
         <name>adc.obj</name>
      </input_file>
      <input_file id="fl-5">
         <path>./driverlib/</path>
         <kind>object</kind>
         <file>crc.obj</file>
         <name>crc.obj</name>
      </input_file>
      <input_file id="fl-6">
         <path>./driverlib/</path>
         <kind>object</kind>
         <file>cs.obj</file>
         <name>cs.obj</name>
      </input_file>
      <input_file id="fl-7">
         <path>./driverlib/</path>
         <kind>object</kind>
         <file>ecomp.obj</file>
         <name>ecomp.obj</name>
      </input_file>
      <input_file id="fl-8">
         <path>./driverlib/</path>
         <kind>object</kind>
         <file>eusci_a_spi.obj</file>
         <name>eusci_a_spi.obj</name>
      </input_file>
      <input_file id="fl-9">
         <path>./driverlib/</path>
         <kind>object</kind>
         <file>eusci_a_uart.obj</file>
         <name>eusci_a_uart.obj</name>
      </input_file>
      <input_file id="fl-a">
         <path>./driverlib/</path>
         <kind>object</kind>
         <file>eusci_b_i2c.obj</file>
         <name>eusci_b_i2c.obj</name>
      </input_file>
      <input_file id="fl-b">
         <path>./driverlib/</path>
         <kind>object</kind>
         <file>eusci_b_spi.obj</file>
         <name>eusci_b_spi.obj</name>
      </input_file>
      <input_file id="fl-c">
         <path>./driverlib/</path>
         <kind>object</kind>
         <file>framctl.obj</file>
         <name>framctl.obj</name>
      </input_file>
      <input_file id="fl-d">
         <path>./driverlib/</path>
         <kind>object</kind>
         <file>gpio.obj</file>
         <name>gpio.obj</name>
      </input_file>
      <input_file id="fl-e">
         <path>./driverlib/</path>
         <kind>object</kind>
         <file>icc.obj</file>
         <name>icc.obj</name>
      </input_file>
      <input_file id="fl-f">
         <path>./driverlib/</path>
         <kind>object</kind>
         <file>lcd_e.obj</file>
         <name>lcd_e.obj</name>
      </input_file>
      <input_file id="fl-10">
         <path>./driverlib/</path>
         <kind>object</kind>
         <file>mpy32.obj</file>
         <name>mpy32.obj</name>
      </input_file>
      <input_file id="fl-11">
         <path>./driverlib/</path>
         <kind>object</kind>
         <file>pmm.obj</file>
         <name>pmm.obj</name>
      </input_file>
      <input_file id="fl-12">
         <path>./driverlib/</path>
         <kind>object</kind>
         <file>rtc.obj</file>
         <name>rtc.obj</name>
      </input_file>
      <input_file id="fl-13">
         <path>./driverlib/</path>
         <kind>object</kind>
         <file>sac.obj</file>
         <name>sac.obj</name>
      </input_file>
      <input_file id="fl-14">
         <path>./driverlib/</path>
         <kind>object</kind>
         <file>sfr.obj</file>
         <name>sfr.obj</name>
      </input_file>
      <input_file id="fl-15">
         <path>./driverlib/</path>
         <kind>object</kind>
         <file>sysctl.obj</file>
         <name>sysctl.obj</name>
      </input_file>
      <input_file id="fl-16">
         <path>./driverlib/</path>
         <kind>object</kind>
         <file>tia.obj</file>
         <name>tia.obj</name>
      </input_file>
      <input_file id="fl-17">
         <path>./driverlib/</path>
         <kind>object</kind>
         <file>timer_a.obj</file>
         <name>timer_a.obj</name>
      </input_file>
      <input_file id="fl-18">
         <path>./driverlib/</path>
         <kind>object</kind>
         <file>timer_b.obj</file>
         <name>timer_b.obj</name>
      </input_file>
      <input_file id="fl-19">
         <path>./driverlib/</path>
         <kind>object</kind>
         <file>tlv.obj</file>
         <name>tlv.obj</name>
      </input_file>
      <input_file id="fl-1a">
         <path>./driverlib/</path>
         <kind>object</kind>
         <file>wdt_a.obj</file>
         <name>wdt_a.obj</name>
      </input_file>
      <input_file id="fl-1f">
         <kind>object</kind>
         <file>&lt;internal&gt;</file>
         <name>&lt;internal&gt;</name>
      </input_file>
      <input_file id="fl-35">
         <path>/Applications/ti/ccsv8/tools/compiler/ti-cgt-msp430_18.1.4.LTS/lib/</path>
         <kind>archive</kind>
         <file>rts430x_lc_sd_eabi.lib</file>
         <name>div16s.asm.obj</name>
      </input_file>
      <input_file id="fl-36">
         <path>/Applications/ti/ccsv8/tools/compiler/ti-cgt-msp430_18.1.4.LTS/lib/</path>
         <kind>archive</kind>
         <file>rts430x_lc_sd_eabi.lib</file>
         <name>div16u.asm.obj</name>
      </input_file>
      <input_file id="fl-37">
         <path>/Applications/ti/ccsv8/tools/compiler/ti-cgt-msp430_18.1.4.LTS/lib/</path>
         <kind>archive</kind>
         <file>rts430x_lc_sd_eabi.lib</file>
         <name>div32s.asm.obj</name>
      </input_file>
      <input_file id="fl-38">
         <path>/Applications/ti/ccsv8/tools/compiler/ti-cgt-msp430_18.1.4.LTS/lib/</path>
         <kind>archive</kind>
         <file>rts430x_lc_sd_eabi.lib</file>
         <name>div32u.asm.obj</name>
      </input_file>
      <input_file id="fl-39">
         <path>/Applications/ti/ccsv8/tools/compiler/ti-cgt-msp430_18.1.4.LTS/lib/</path>
         <kind>archive</kind>
         <file>rts430x_lc_sd_eabi.lib</file>
         <name>int45.asm.obj</name>
      </input_file>
      <input_file id="fl-3a">
         <path>/Applications/ti/ccsv8/tools/compiler/ti-cgt-msp430_18.1.4.LTS/lib/</path>
         <kind>archive</kind>
         <file>rts430x_lc_sd_eabi.lib</file>
         <name>int46.asm.obj</name>
      </input_file>
      <input_file id="fl-3b">
         <path>/Applications/ti/ccsv8/tools/compiler/ti-cgt-msp430_18.1.4.LTS/lib/</path>
         <kind>archive</kind>
         <file>rts430x_lc_sd_eabi.lib</file>
         <name>int47.asm.obj</name>
      </input_file>
      <input_file id="fl-3c">
         <path>/Applications/ti/ccsv8/tools/compiler/ti-cgt-msp430_18.1.4.LTS/lib/</path>
         <kind>archive</kind>
         <file>rts430x_lc_sd_eabi.lib</file>
         <name>int48.asm.obj</name>
      </input_file>
      <input_file id="fl-3d">
         <path>/Applications/ti/ccsv8/tools/compiler/ti-cgt-msp430_18.1.4.LTS/lib/</path>
         <kind>archive</kind>
         <file>rts430x_lc_sd_eabi.lib</file>
         <name>int49.asm.obj</name>
      </input_file>
      <input_file id="fl-3e">
         <path>/Applications/ti/ccsv8/tools/compiler/ti-cgt-msp430_18.1.4.LTS/lib/</path>
         <kind>archive</kind>
         <file>rts430x_lc_sd_eabi.lib</file>
         <name>int50.asm.obj</name>
      </input_file>
      <input_file id="fl-3f">
         <path>/Applications/ti/ccsv8/tools/compiler/ti-cgt-msp430_18.1.4.LTS/lib/</path>
         <kind>archive</kind>
         <file>rts430x_lc_sd_eabi.lib</file>
         <name>int51.asm.obj</name>
      </input_file>
      <input_file id="fl-40">
         <path>/Applications/ti/ccsv8/tools/compiler/ti-cgt-msp430_18.1.4.LTS/lib/</path>
         <kind>archive</kind>
         <file>rts430x_lc_sd_eabi.lib</file>
         <name>int52.asm.obj</name>
      </input_file>
      <input_file id="fl-41">
         <path>/Applications/ti/ccsv8/tools/compiler/ti-cgt-msp430_18.1.4.LTS/lib/</path>
         <kind>archive</kind>
         <file>rts430x_lc_sd_eabi.lib</file>
         <name>int53.asm.obj</name>
      </input_file>
      <input_file id="fl-42">
         <path>/Applications/ti/ccsv8/tools/compiler/ti-cgt-msp430_18.1.4.LTS/lib/</path>
         <kind>archive</kind>
         <file>rts430x_lc_sd_eabi.lib</file>
         <name>int54.asm.obj</name>
      </input_file>
      <input_file id="fl-43">
         <path>/Applications/ti/ccsv8/tools/compiler/ti-cgt-msp430_18.1.4.LTS/lib/</path>
         <kind>archive</kind>
         <file>rts430x_lc_sd_eabi.lib</file>
         <name>int55.asm.obj</name>
      </input_file>
      <input_file id="fl-44">
         <path>/Applications/ti/ccsv8/tools/compiler/ti-cgt-msp430_18.1.4.LTS/lib/</path>
         <kind>archive</kind>
         <file>rts430x_lc_sd_eabi.lib</file>
         <name>int56.asm.obj</name>
      </input_file>
      <input_file id="fl-45">
         <path>/Applications/ti/ccsv8/tools/compiler/ti-cgt-msp430_18.1.4.LTS/lib/</path>
         <kind>archive</kind>
         <file>rts430x_lc_sd_eabi.lib</file>
         <name>int57.asm.obj</name>
      </input_file>
      <input_file id="fl-46">
         <path>/Applications/ti/ccsv8/tools/compiler/ti-cgt-msp430_18.1.4.LTS/lib/</path>
         <kind>archive</kind>
         <file>rts430x_lc_sd_eabi.lib</file>
         <name>int58.asm.obj</name>
      </input_file>
      <input_file id="fl-47">
         <path>/Applications/ti/ccsv8/tools/compiler/ti-cgt-msp430_18.1.4.LTS/lib/</path>
         <kind>archive</kind>
         <file>rts430x_lc_sd_eabi.lib</file>
         <name>isr_trap.asm.obj</name>
      </input_file>
      <input_file id="fl-48">
         <path>/Applications/ti/ccsv8/tools/compiler/ti-cgt-msp430_18.1.4.LTS/lib/</path>
         <kind>archive</kind>
         <file>rts430x_lc_sd_eabi.lib</file>
         <name>lsl16.asm.obj</name>
      </input_file>
      <input_file id="fl-49">
         <path>/Applications/ti/ccsv8/tools/compiler/ti-cgt-msp430_18.1.4.LTS/lib/</path>
         <kind>archive</kind>
         <file>rts430x_lc_sd_eabi.lib</file>
         <name>lsr16.asm.obj</name>
      </input_file>
      <input_file id="fl-4a">
         <path>/Applications/ti/ccsv8/tools/compiler/ti-cgt-msp430_18.1.4.LTS/lib/</path>
         <kind>archive</kind>
         <file>rts430x_lc_sd_eabi.lib</file>
         <name>mult16.asm.obj</name>
      </input_file>
      <input_file id="fl-4b">
         <path>/Applications/ti/ccsv8/tools/compiler/ti-cgt-msp430_18.1.4.LTS/lib/</path>
         <kind>archive</kind>
         <file>rts430x_lc_sd_eabi.lib</file>
         <name>mult32.asm.obj</name>
      </input_file>
      <input_file id="fl-4c">
         <path>/Applications/ti/ccsv8/tools/compiler/ti-cgt-msp430_18.1.4.LTS/lib/</path>
         <kind>archive</kind>
         <file>rts430x_lc_sd_eabi.lib</file>
         <name>boot.c.obj</name>
      </input_file>
      <input_file id="fl-4d">
         <path>/Applications/ti/ccsv8/tools/compiler/ti-cgt-msp430_18.1.4.LTS/lib/</path>
         <kind>archive</kind>
         <file>rts430x_lc_sd_eabi.lib</file>
         <name>autoinit.c.obj</name>
      </input_file>
      <input_file id="fl-4e">
         <path>/Applications/ti/ccsv8/tools/compiler/ti-cgt-msp430_18.1.4.LTS/lib/</path>
         <kind>archive</kind>
         <file>rts430x_lc_sd_eabi.lib</file>
         <name>copy_zero_init.c.obj</name>
      </input_file>
      <input_file id="fl-4f">
         <path>/Applications/ti/ccsv8/tools/compiler/ti-cgt-msp430_18.1.4.LTS/lib/</path>
         <kind>archive</kind>
         <file>rts430x_lc_sd_eabi.lib</file>
         <name>cpy_tbl.c.obj</name>
      </input_file>
      <input_file id="fl-50">
         <path>/Applications/ti/ccsv8/tools/compiler/ti-cgt-msp430_18.1.4.LTS/lib/</path>
         <kind>archive</kind>
         <file>rts430x_lc_sd_eabi.lib</file>
         <name>mpu_init.c.obj</name>
      </input_file>
      <input_file id="fl-51">
         <path>/Applications/ti/ccsv8/tools/compiler/ti-cgt-msp430_18.1.4.LTS/lib/</path>
         <kind>archive</kind>
         <file>rts430x_lc_sd_eabi.lib</file>
         <name>pre_init.c.obj</name>
      </input_file>
      <input_file id="fl-52">
         <path>/Applications/ti/ccsv8/tools/compiler/ti-cgt-msp430_18.1.4.LTS/lib/</path>
         <kind>archive</kind>
         <file>rts430x_lc_sd_eabi.lib</file>
         <name>startup.c.obj</name>
      </input_file>
      <input_file id="fl-53">
         <path>/Applications/ti/ccsv8/tools/compiler/ti-cgt-msp430_18.1.4.LTS/lib/</path>
         <kind>archive</kind>
         <file>rts430x_lc_sd_eabi.lib</file>
         <name>copy_decompress_none.c.obj</name>
      </input_file>
      <input_file id="fl-54">
         <path>/Applications/ti/ccsv8/tools/compiler/ti-cgt-msp430_18.1.4.LTS/lib/</path>
         <kind>archive</kind>
         <file>rts430x_lc_sd_eabi.lib</file>
         <name>copy_decompress_lzss.c.obj</name>
      </input_file>
      <input_file id="fl-55">
         <path>/Applications/ti/ccsv8/tools/compiler/ti-cgt-msp430_18.1.4.LTS/lib/</path>
         <kind>archive</kind>
         <file>rts430x_lc_sd_eabi.lib</file>
         <name>fixdi.c.obj</name>
      </input_file>
      <input_file id="fl-56">
         <path>/Applications/ti/ccsv8/tools/compiler/ti-cgt-msp430_18.1.4.LTS/lib/</path>
         <kind>archive</kind>
         <file>rts430x_lc_sd_eabi.lib</file>
         <name>fixdli.c.obj</name>
      </input_file>
      <input_file id="fl-57">
         <path>/Applications/ti/ccsv8/tools/compiler/ti-cgt-msp430_18.1.4.LTS/lib/</path>
         <kind>archive</kind>
         <file>rts430x_lc_sd_eabi.lib</file>
         <name>fltid.c.obj</name>
      </input_file>
      <input_file id="fl-58">
         <path>/Applications/ti/ccsv8/tools/compiler/ti-cgt-msp430_18.1.4.LTS/lib/</path>
         <kind>archive</kind>
         <file>rts430x_lc_sd_eabi.lib</file>
         <name>fltlid.c.obj</name>
      </input_file>
      <input_file id="fl-59">
         <path>/Applications/ti/ccsv8/tools/compiler/ti-cgt-msp430_18.1.4.LTS/lib/</path>
         <kind>archive</kind>
         <file>rts430x_lc_sd_eabi.lib</file>
         <name>mpyd.c.obj</name>
      </input_file>
      <input_file id="fl-5a">
         <path>/Applications/ti/ccsv8/tools/compiler/ti-cgt-msp430_18.1.4.LTS/lib/</path>
         <kind>archive</kind>
         <file>rts430x_lc_sd_eabi.lib</file>
         <name>exit.c.obj</name>
      </input_file>
      <input_file id="fl-5b">
         <path>/Applications/ti/ccsv8/tools/compiler/ti-cgt-msp430_18.1.4.LTS/lib/</path>
         <kind>archive</kind>
         <file>rts430x_lc_sd_eabi.lib</file>
         <name>_lock.c.obj</name>
      </input_file>
      <input_file id="fl-5c">
         <path>/Applications/ti/ccsv8/tools/compiler/ti-cgt-msp430_18.1.4.LTS/lib/</path>
         <kind>archive</kind>
         <file>rts430x_lc_sd_eabi.lib</file>
         <name>args_main.c.obj</name>
      </input_file>
      <input_file id="fl-5d">
         <path>/Applications/ti/ccsv8/tools/compiler/ti-cgt-msp430_18.1.4.LTS/lib/</path>
         <kind>archive</kind>
         <file>rts430x_lc_sd_eabi.lib</file>
         <name>atoi.c.obj</name>
      </input_file>
      <input_file id="fl-5e">
         <path>/Applications/ti/ccsv8/tools/compiler/ti-cgt-msp430_18.1.4.LTS/lib/</path>
         <kind>archive</kind>
         <file>rts430x_lc_sd_eabi.lib</file>
         <name>ctype.c.obj</name>
      </input_file>
      <input_file id="fl-5f">
         <path>/Applications/ti/ccsv8/tools/compiler/ti-cgt-msp430_18.1.4.LTS/lib/</path>
         <kind>archive</kind>
         <file>rts430x_lc_sd_eabi.lib</file>
         <name>memcpy.c.obj</name>
      </input_file>
      <input_file id="fl-60">
         <path>/Applications/ti/ccsv8/tools/compiler/ti-cgt-msp430_18.1.4.LTS/lib/</path>
         <kind>archive</kind>
         <file>rts430x_lc_sd_eabi.lib</file>
         <name>memset.c.obj</name>
      </input_file>
      <input_file id="fl-61">
         <path>/Applications/ti/ccsv8/tools/compiler/ti-cgt-msp430_18.1.4.LTS/lib/</path>
         <kind>archive</kind>
         <file>rts430x_lc_sd_eabi.lib</file>
         <name>sprintf.c.obj</name>
      </input_file>
      <input_file id="fl-62">
         <path>/Applications/ti/ccsv8/tools/compiler/ti-cgt-msp430_18.1.4.LTS/lib/</path>
         <kind>archive</kind>
         <file>rts430x_lc_sd_eabi.lib</file>
         <name>strlen.c.obj</name>
      </input_file>
      <input_file id="fl-63">
         <path>/Applications/ti/ccsv8/tools/compiler/ti-cgt-msp430_18.1.4.LTS/lib/</path>
         <kind>archive</kind>
         <file>rts430x_lc_sd_eabi.lib</file>
         <name>cpy_util.asm.obj</name>
      </input_file>
      <input_file id="fl-64">
         <path>/Applications/ti/ccsv8/tools/compiler/ti-cgt-msp430_18.1.4.LTS/lib/</path>
         <kind>archive</kind>
         <file>rts430x_lc_sd_eabi.lib</file>
         <name>lsl32.asm.obj</name>
      </input_file>
      <input_file id="fl-65">
         <path>/Applications/ti/ccsv8/tools/compiler/ti-cgt-msp430_18.1.4.LTS/lib/</path>
         <kind>archive</kind>
         <file>rts430x_lc_sd_eabi.lib</file>
         <name>lsr32.asm.obj</name>
      </input_file>
      <input_file id="fl-66">
         <path>/Applications/ti/ccsv8/tools/compiler/ti-cgt-msp430_18.1.4.LTS/lib/</path>
         <kind>archive</kind>
         <file>rts430x_lc_sd_eabi.lib</file>
         <name>exit_gvars.c.obj</name>
      </input_file>
      <input_file id="fl-67">
         <path>/Applications/ti/ccsv8/tools/compiler/ti-cgt-msp430_18.1.4.LTS/lib/</path>
         <kind>archive</kind>
         <file>rts430x_lc_sd_eabi.lib</file>
         <name>lsr64.c.obj</name>
      </input_file>
      <input_file id="fl-68">
         <path>/Applications/ti/ccsv8/tools/compiler/ti-cgt-msp430_18.1.4.LTS/lib/</path>
         <kind>archive</kind>
         <file>rts430x_lc_sd_eabi.lib</file>
         <name>frcmpyd.c.obj</name>
      </input_file>
      <input_file id="fl-69">
         <path>/Applications/ti/ccsv8/tools/compiler/ti-cgt-msp430_18.1.4.LTS/lib/</path>
         <kind>archive</kind>
         <file>rts430x_lc_sd_eabi.lib</file>
         <name>_printfi_min.c.obj</name>
      </input_file>
      <input_file id="fl-6a">
         <path>/Applications/ti/ccsv8/tools/compiler/ti-cgt-msp430_18.1.4.LTS/lib/</path>
         <kind>archive</kind>
         <file>rts430x_lc_sd_eabi.lib</file>
         <name>memccpy.c.obj</name>
      </input_file>
      <input_file id="fl-6b">
         <path>/Applications/ti/ccsv8/tools/compiler/ti-cgt-msp430_18.1.4.LTS/lib/</path>
         <kind>archive</kind>
         <file>rts430x_lc_sd_eabi.lib</file>
         <name>asr32.asm.obj</name>
      </input_file>
   </input_file_list>
   <object_component_list>
      <object_component id="oc-627">
         <name>.cinit..data.load</name>
         <load_address>0xc400</load_address>
         <run_address>0xc400</run_address>
         <size>0x40</size>
      </object_component>
      <object_component id="oc-624">
         <name>__TI_handler_table</name>
         <load_address>0xc440</load_address>
         <run_address>0xc440</run_address>
         <size>0xc</size>
      </object_component>
      <object_component id="oc-626">
         <name>.cinit..bss.load</name>
         <load_address>0xc44c</load_address>
         <run_address>0xc44c</run_address>
         <size>0x6</size>
      </object_component>
      <object_component id="oc-625">
         <name>__TI_cinit_table</name>
         <load_address>0xc452</load_address>
         <run_address>0xc452</run_address>
         <size>0x10</size>
      </object_component>
      <object_component id="oc-5bc">
         <name>.binit</name>
         <load_address>0xc462</load_address>
         <run_address>0xc462</run_address>
         <size>0x0</size>
      </object_component>
      <object_component id="oc-453">
         <name>.const:.string:_ctypes_</name>
         <load_address>0xc462</load_address>
         <run_address>0xc462</run_address>
         <size>0x101</size>
         <input_file_ref idref="fl-5e"/>
      </object_component>
      <object_component id="oc-344">
         <name>.const:.string</name>
         <load_address>0xc564</load_address>
         <run_address>0xc564</run_address>
         <size>0xd4</size>
         <input_file_ref idref="fl-3"/>
      </object_component>
      <object_component id="oc-4fd">
         <name>.const:alphabetBig</name>
         <load_address>0xc638</load_address>
         <run_address>0xc638</run_address>
         <size>0x34</size>
         <input_file_ref idref="fl-2"/>
      </object_component>
      <object_component id="oc-3de">
         <name>.const:GPIO_PORT_TO_BASE</name>
         <load_address>0xc66c</load_address>
         <run_address>0xc66c</run_address>
         <size>0x1c</size>
         <input_file_ref idref="fl-d"/>
      </object_component>
      <object_component id="oc-587">
         <name>.const:.string</name>
         <load_address>0xc688</load_address>
         <run_address>0xc688</run_address>
         <size>0x14</size>
         <input_file_ref idref="fl-69"/>
      </object_component>
      <object_component id="oc-500">
         <name>.const:digit</name>
         <load_address>0xc69c</load_address>
         <run_address>0xc69c</run_address>
         <size>0x14</size>
         <input_file_ref idref="fl-2"/>
      </object_component>
      <object_component id="oc-3f4">
         <name>.const:$P$T0$1</name>
         <load_address>0xc6b0</load_address>
         <run_address>0xc6b0</run_address>
         <size>0xa</size>
         <input_file_ref idref="fl-2"/>
      </object_component>
      <object_component id="oc-43f">
         <name>.const:.string:$P$T1$2</name>
         <load_address>0xc6ba</load_address>
         <run_address>0xc6ba</run_address>
         <size>0x6</size>
         <input_file_ref idref="fl-2"/>
      </object_component>
      <object_component id="oc-2ef">
         <name>.text:main</name>
         <load_address>0xc6c0</load_address>
         <run_address>0xc6c0</run_address>
         <size>0x316</size>
         <input_file_ref idref="fl-3"/>
      </object_component>
      <object_component id="oc-47f">
         <name>.text:__TI_frcmpyd</name>
         <load_address>0xc9d6</load_address>
         <run_address>0xc9d6</run_address>
         <size>0x280</size>
         <input_file_ref idref="fl-68"/>
      </object_component>
      <object_component id="oc-36c">
         <name>.text:__mspabi_mpyd</name>
         <load_address>0xcc56</load_address>
         <run_address>0xcc56</run_address>
         <size>0x264</size>
         <input_file_ref idref="fl-59"/>
      </object_component>
      <object_component id="oc-351">
         <name>.text:detectKey</name>
         <load_address>0xceba</load_address>
         <run_address>0xceba</run_address>
         <size>0x190</size>
         <input_file_ref idref="fl-3"/>
      </object_component>
      <object_component id="oc-338">
         <name>.text:setWheels</name>
         <load_address>0xd04a</load_address>
         <run_address>0xd04a</run_address>
         <size>0x12a</size>
         <input_file_ref idref="fl-3"/>
      </object_component>
      <object_component id="oc-514">
         <name>.text:_setfield</name>
         <load_address>0xd174</load_address>
         <run_address>0xd174</run_address>
         <size>0x10e</size>
         <input_file_ref idref="fl-69"/>
      </object_component>
      <object_component id="oc-64">
         <name>.text:decompress:lzss:__TI_decompress_lzss</name>
         <load_address>0xd282</load_address>
         <run_address>0xd282</run_address>
         <size>0xee</size>
         <input_file_ref idref="fl-54"/>
      </object_component>
      <object_component id="oc-470">
         <name>.text:__TI_printfi_minimal</name>
         <load_address>0xd370</load_address>
         <run_address>0xd370</run_address>
         <size>0xe4</size>
         <input_file_ref idref="fl-69"/>
      </object_component>
      <object_component id="oc-345">
         <name>.text:displayScrollText</name>
         <load_address>0xd454</load_address>
         <run_address>0xd454</run_address>
         <size>0xd6</size>
         <input_file_ref idref="fl-2"/>
      </object_component>
      <object_component id="oc-33e">
         <name>.text:Init_LCD</name>
         <load_address>0xd52a</load_address>
         <run_address>0xd52a</run_address>
         <size>0xd2</size>
         <input_file_ref idref="fl-2"/>
      </object_component>
      <object_component id="oc-588">
         <name>.text:_pproc_diouxp</name>
         <load_address>0xd5fc</load_address>
         <run_address>0xd5fc</run_address>
         <size>0xc4</size>
         <input_file_ref idref="fl-69"/>
      </object_component>
      <object_component id="oc-421">
         <name>.text:LCD_E_setPinAsCOM</name>
         <load_address>0xd6c0</load_address>
         <run_address>0xd6c0</run_address>
         <size>0x9e</size>
         <input_file_ref idref="fl-f"/>
      </object_component>
      <object_component id="oc-478">
         <name>.text:__mspabi_fltlid</name>
         <load_address>0xd75e</load_address>
         <run_address>0xd75e</run_address>
         <size>0x9e</size>
         <input_file_ref idref="fl-58"/>
      </object_component>
      <object_component id="oc-3ee">
         <name>.text:LCD_E_setPinAsLCDFunctionEx</name>
         <load_address>0xd7fc</load_address>
         <run_address>0xd7fc</run_address>
         <size>0x80</size>
         <input_file_ref idref="fl-f"/>
      </object_component>
      <object_component id="oc-383">
         <name>.text:getActualWheelDirection</name>
         <load_address>0xd87c</load_address>
         <run_address>0xd87c</run_address>
         <size>0x7a</size>
         <input_file_ref idref="fl-3"/>
      </object_component>
      <object_component id="oc-442">
         <name>.text:showChar</name>
         <load_address>0xd8f6</load_address>
         <run_address>0xd8f6</run_address>
         <size>0x7a</size>
         <input_file_ref idref="fl-2"/>
      </object_component>
      <object_component id="oc-37d">
         <name>.text:updateLED</name>
         <load_address>0xd970</load_address>
         <run_address>0xd970</run_address>
         <size>0x74</size>
         <input_file_ref idref="fl-3"/>
      </object_component>
      <object_component id="oc-3bc">
         <name>.text:__TI_auto_init_nobinit_nopinit_hold_wdt:__TI_auto_init_nobinit_nopinit_hold_wdt</name>
         <load_address>0xd9e4</load_address>
         <run_address>0xd9e4</run_address>
         <size>0x6a</size>
         <input_file_ref idref="fl-4d"/>
      </object_component>
      <object_component id="oc-48c">
         <name>.text:__mspabi_fixdli</name>
         <load_address>0xda4e</load_address>
         <run_address>0xda4e</run_address>
         <size>0x66</size>
         <input_file_ref idref="fl-56"/>
      </object_component>
      <object_component id="oc-357">
         <name>.text:atoi</name>
         <load_address>0xdab4</load_address>
         <run_address>0xdab4</run_address>
         <size>0x52</size>
         <input_file_ref idref="fl-5d"/>
      </object_component>
      <object_component id="oc-28a">
         <name>.text:__memcpy_far</name>
         <load_address>0xdb06</load_address>
         <run_address>0xdb06</run_address>
         <size>0x40</size>
         <input_file_ref idref="fl-63"/>
      </object_component>
      <object_component id="oc-29b">
         <name>.text:decompress:ZI:__TI_zero_init_nomemset:__TI_zero_init_nomemset</name>
         <load_address>0xdb46</load_address>
         <run_address>0xdb46</run_address>
         <size>0x3e</size>
         <input_file_ref idref="fl-4e"/>
      </object_component>
      <object_component id="oc-534">
         <name>.text:l_asr_const</name>
         <load_address>0xdb84</load_address>
         <run_address>0xdb84</run_address>
         <size>0x3e</size>
         <input_file_ref idref="fl-6b"/>
      </object_component>
      <object_component id="oc-528">
         <name>.text:l_lsl_const</name>
         <load_address>0xdbc2</load_address>
         <run_address>0xdbc2</run_address>
         <size>0x3e</size>
         <input_file_ref idref="fl-64"/>
      </object_component>
      <object_component id="oc-52d">
         <name>.text:l_lsr_const</name>
         <load_address>0xdc00</load_address>
         <run_address>0xdc00</run_address>
         <size>0x3e</size>
         <input_file_ref idref="fl-65"/>
      </object_component>
      <object_component id="oc-6a">
         <name>.text:decompress:none:__TI_decompress_none</name>
         <load_address>0xdc3e</load_address>
         <run_address>0xdc3e</run_address>
         <size>0x3c</size>
         <input_file_ref idref="fl-53"/>
      </object_component>
      <object_component id="oc-360">
         <name>.text:sprintf</name>
         <load_address>0xdc7a</load_address>
         <run_address>0xdc7a</run_address>
         <size>0x38</size>
         <input_file_ref idref="fl-61"/>
      </object_component>
      <object_component id="oc-494">
         <name>.text</name>
         <load_address>0xdcb2</load_address>
         <run_address>0xdcb2</run_address>
         <size>0x2c</size>
         <input_file_ref idref="fl-35"/>
      </object_component>
      <object_component id="oc-3fd">
         <name>.text:LCD_E_init</name>
         <load_address>0xdcde</load_address>
         <run_address>0xdcde</run_address>
         <size>0x28</size>
         <input_file_ref idref="fl-f"/>
      </object_component>
      <object_component id="oc-372">
         <name>.text:__mspabi_fixdi</name>
         <load_address>0xdd06</load_address>
         <run_address>0xdd06</run_address>
         <size>0x28</size>
         <input_file_ref idref="fl-55"/>
      </object_component>
      <object_component id="oc-539">
         <name>.text</name>
         <load_address>0xdd2e</load_address>
         <run_address>0xdd2e</run_address>
         <size>0x26</size>
         <input_file_ref idref="fl-4b"/>
      </object_component>
      <object_component id="oc-31d">
         <name>.text:GPIO_setAsInputPinWithPullDownResistor</name>
         <load_address>0xdd54</load_address>
         <run_address>0xdd54</run_address>
         <size>0x22</size>
         <input_file_ref idref="fl-d"/>
      </object_component>
      <object_component id="oc-4df">
         <name>.text:setLCDFunction</name>
         <load_address>0xdd76</load_address>
         <run_address>0xdd76</run_address>
         <size>0x20</size>
         <input_file_ref idref="fl-f"/>
      </object_component>
      <object_component id="oc-32f">
         <name>.text:GPIO_setAsInputPin</name>
         <load_address>0xdd96</load_address>
         <run_address>0xdd96</run_address>
         <size>0x1e</size>
         <input_file_ref idref="fl-d"/>
      </object_component>
      <object_component id="oc-2ad">
         <name>.text:_isr:_c_int00_noargs</name>
         <load_address>0xddb4</load_address>
         <run_address>0xddb4</run_address>
         <size>0x1c</size>
         <input_file_ref idref="fl-4c"/>
      </object_component>
      <object_component id="oc-389">
         <name>.text:GPIO_getInputPinValue</name>
         <load_address>0xddd0</load_address>
         <run_address>0xddd0</run_address>
         <size>0x1a</size>
         <input_file_ref idref="fl-d"/>
      </object_component>
      <object_component id="oc-323">
         <name>.text:GPIO_setAsOutputPin</name>
         <load_address>0xddea</load_address>
         <run_address>0xddea</run_address>
         <size>0x1a</size>
         <input_file_ref idref="fl-d"/>
      </object_component>
      <object_component id="oc-58e">
         <name>.text:memccpy</name>
         <load_address>0xde04</load_address>
         <run_address>0xde04</run_address>
         <size>0x1a</size>
         <input_file_ref idref="fl-6a"/>
      </object_component>
      <object_component id="oc-464">
         <name>.text:_outs</name>
         <load_address>0xde1e</load_address>
         <run_address>0xde1e</run_address>
         <size>0x18</size>
         <input_file_ref idref="fl-61"/>
      </object_component>
      <object_component id="oc-3e7">
         <name>.text:GPIO_setOutputHighOnPin</name>
         <load_address>0xde36</load_address>
         <run_address>0xde36</run_address>
         <size>0x16</size>
         <input_file_ref idref="fl-d"/>
      </object_component>
      <object_component id="oc-329">
         <name>.text:GPIO_setOutputLowOnPin</name>
         <load_address>0xde4c</load_address>
         <run_address>0xde4c</run_address>
         <size>0x16</size>
         <input_file_ref idref="fl-d"/>
      </object_component>
      <object_component id="oc-311">
         <name>.text:WDT_A_hold</name>
         <load_address>0xde62</load_address>
         <run_address>0xde62</run_address>
         <size>0x16</size>
         <input_file_ref idref="fl-1a"/>
      </object_component>
      <object_component id="oc-548">
         <name>.text</name>
         <load_address>0xde78</load_address>
         <run_address>0xde78</run_address>
         <size>0x16</size>
         <input_file_ref idref="fl-36"/>
      </object_component>
      <object_component id="oc-34b">
         <name>.text:memset</name>
         <load_address>0xde8e</load_address>
         <run_address>0xde8e</run_address>
         <size>0x14</size>
         <input_file_ref idref="fl-60"/>
      </object_component>
      <object_component id="oc-378">
         <name>.text</name>
         <load_address>0xdea2</load_address>
         <run_address>0xdea2</run_address>
         <size>0x14</size>
         <input_file_ref idref="fl-4a"/>
      </object_component>
      <object_component id="oc-403">
         <name>.text:LCD_E_setVLCDSource</name>
         <load_address>0xdeb6</load_address>
         <run_address>0xdeb6</run_address>
         <size>0x12</size>
         <input_file_ref idref="fl-f"/>
      </object_component>
      <object_component id="oc-46a">
         <name>.text:_outc</name>
         <load_address>0xdec8</load_address>
         <run_address>0xdec8</run_address>
         <size>0x12</size>
         <input_file_ref idref="fl-61"/>
      </object_component>
      <object_component id="oc-3f7">
         <name>.text:memcpy</name>
         <load_address>0xdeda</load_address>
         <run_address>0xdeda</run_address>
         <size>0x12</size>
         <input_file_ref idref="fl-5f"/>
      </object_component>
      <object_component id="oc-542">
         <name>.text:l_lsr</name>
         <load_address>0xdeec</load_address>
         <run_address>0xdeec</run_address>
         <size>0x10</size>
         <input_file_ref idref="fl-65"/>
      </object_component>
      <object_component id="oc-439">
         <name>.text:strlen</name>
         <load_address>0xdefc</load_address>
         <run_address>0xdefc</run_address>
         <size>0xe</size>
         <input_file_ref idref="fl-62"/>
      </object_component>
      <object_component id="oc-42d">
         <name>.text:LCD_E_on</name>
         <load_address>0xdf0a</load_address>
         <run_address>0xdf0a</run_address>
         <size>0xc</size>
         <input_file_ref idref="fl-f"/>
      </object_component>
      <object_component id="oc-415">
         <name>.text:LCD_E_setChargePumpFreq</name>
         <load_address>0xdf16</load_address>
         <run_address>0xdf16</run_address>
         <size>0xc</size>
         <input_file_ref idref="fl-f"/>
      </object_component>
      <object_component id="oc-409">
         <name>.text:LCD_E_setVLCDVoltage</name>
         <load_address>0xdf22</load_address>
         <run_address>0xdf22</run_address>
         <size>0xc</size>
         <input_file_ref idref="fl-f"/>
      </object_component>
      <object_component id="oc-366">
         <name>.text:__mspabi_fltid</name>
         <load_address>0xdf2e</load_address>
         <run_address>0xdf2e</run_address>
         <size>0xc</size>
         <input_file_ref idref="fl-57"/>
      </object_component>
      <object_component id="oc-427">
         <name>.text:LCD_E_selectDisplayMemory</name>
         <load_address>0xdf3a</load_address>
         <run_address>0xdf3a</run_address>
         <size>0xa</size>
         <input_file_ref idref="fl-f"/>
      </object_component>
      <object_component id="oc-4e5">
         <name>.text</name>
         <load_address>0xdf44</load_address>
         <run_address>0xdf44</run_address>
         <size>0xa</size>
         <input_file_ref idref="fl-48"/>
      </object_component>
      <object_component id="oc-4da">
         <name>.text</name>
         <load_address>0xdf4e</load_address>
         <run_address>0xdf4e</run_address>
         <size>0xa</size>
         <input_file_ref idref="fl-49"/>
      </object_component>
      <object_component id="oc-40f">
         <name>.text:LCD_E_enableChargePump</name>
         <load_address>0xdf58</load_address>
         <run_address>0xdf58</run_address>
         <size>0x8</size>
         <input_file_ref idref="fl-f"/>
      </object_component>
      <object_component id="oc-296">
         <name>.text:_isr:__TI_ISR_TRAP</name>
         <load_address>0xdf60</load_address>
         <run_address>0xdf60</run_address>
         <size>0x8</size>
         <input_file_ref idref="fl-47"/>
      </object_component>
      <object_component id="oc-41b">
         <name>.text:LCD_E_clearAllMemory</name>
         <load_address>0xdf68</load_address>
         <run_address>0xdf68</run_address>
         <size>0x6</size>
         <input_file_ref idref="fl-f"/>
      </object_component>
      <object_component id="oc-317">
         <name>.text:PMM_unlockLPM5</name>
         <load_address>0xdf6e</load_address>
         <run_address>0xdf6e</run_address>
         <size>0x6</size>
         <input_file_ref idref="fl-11"/>
      </object_component>
      <object_component id="oc-398">
         <name>.text:abort</name>
         <load_address>0xdf74</load_address>
         <run_address>0xdf74</run_address>
         <size>0x6</size>
         <input_file_ref idref="fl-5a"/>
      </object_component>
      <object_component id="oc-2e9">
         <name>.text:_system_pre_init</name>
         <load_address>0xdf7a</load_address>
         <run_address>0xdf7a</run_address>
         <size>0x4</size>
         <input_file_ref idref="fl-51"/>
      </object_component>
      <object_component id="oc-4b0">
         <name>.text:_system_post_cinit</name>
         <load_address>0xdf7e</load_address>
         <run_address>0xdf7e</run_address>
         <size>0x2</size>
         <input_file_ref idref="fl-52"/>
      </object_component>
      <object_component id="oc-35d">
         <name>.common:lcdPrint</name>
         <uninitialized>true</uninitialized>
         <run_address>0x2000</run_address>
         <size>0xc8</size>
      </object_component>
      <object_component id="oc-38f">
         <name>.data:directionText</name>
         <load_address>0x20c8</load_address>
         <run_address>0x20c8</run_address>
         <size>0x3c</size>
         <input_file_ref idref="fl-3"/>
      </object_component>
      <object_component id="oc-335">
         <name>.data</name>
         <load_address>0x2104</load_address>
         <run_address>0x2104</run_address>
         <size>0xe</size>
         <input_file_ref idref="fl-3"/>
      </object_component>
      <object_component id="oc-27b">
         <name>.stack</name>
         <uninitialized>true</uninitialized>
         <run_address>0x2760</run_address>
         <size>0x2</size>
         <input_file_ref idref="fl-4c"/>
      </object_component>
      <object_component id="oc-628">
         <name>.stack</name>
         <uninitialized>true</uninitialized>
         <run_address>0x2760</run_address>
         <size>0x0</size>
      </object_component>
      <object_component id="oc-70">
         <name>.int45</name>
         <load_address>0xffe2</load_address>
         <run_address>0xffe2</run_address>
         <size>0x2</size>
         <input_file_ref idref="fl-39"/>
      </object_component>
      <object_component id="oc-71">
         <name>.int46</name>
         <load_address>0xffe4</load_address>
         <run_address>0xffe4</run_address>
         <size>0x2</size>
         <input_file_ref idref="fl-3a"/>
      </object_component>
      <object_component id="oc-72">
         <name>.int47</name>
         <load_address>0xffe6</load_address>
         <run_address>0xffe6</run_address>
         <size>0x2</size>
         <input_file_ref idref="fl-3b"/>
      </object_component>
      <object_component id="oc-73">
         <name>.int48</name>
         <load_address>0xffe8</load_address>
         <run_address>0xffe8</run_address>
         <size>0x2</size>
         <input_file_ref idref="fl-3c"/>
      </object_component>
      <object_component id="oc-74">
         <name>.int49</name>
         <load_address>0xffea</load_address>
         <run_address>0xffea</run_address>
         <size>0x2</size>
         <input_file_ref idref="fl-3d"/>
      </object_component>
      <object_component id="oc-75">
         <name>.int50</name>
         <load_address>0xffec</load_address>
         <run_address>0xffec</run_address>
         <size>0x2</size>
         <input_file_ref idref="fl-3e"/>
      </object_component>
      <object_component id="oc-76">
         <name>.int51</name>
         <load_address>0xffee</load_address>
         <run_address>0xffee</run_address>
         <size>0x2</size>
         <input_file_ref idref="fl-3f"/>
      </object_component>
      <object_component id="oc-77">
         <name>.int52</name>
         <load_address>0xfff0</load_address>
         <run_address>0xfff0</run_address>
         <size>0x2</size>
         <input_file_ref idref="fl-40"/>
      </object_component>
      <object_component id="oc-78">
         <name>.int53</name>
         <load_address>0xfff2</load_address>
         <run_address>0xfff2</run_address>
         <size>0x2</size>
         <input_file_ref idref="fl-41"/>
      </object_component>
      <object_component id="oc-79">
         <name>.int54</name>
         <load_address>0xfff4</load_address>
         <run_address>0xfff4</run_address>
         <size>0x2</size>
         <input_file_ref idref="fl-42"/>
      </object_component>
      <object_component id="oc-7a">
         <name>.int55</name>
         <load_address>0xfff6</load_address>
         <run_address>0xfff6</run_address>
         <size>0x2</size>
         <input_file_ref idref="fl-43"/>
      </object_component>
      <object_component id="oc-7b">
         <name>.int56</name>
         <load_address>0xfff8</load_address>
         <run_address>0xfff8</run_address>
         <size>0x2</size>
         <input_file_ref idref="fl-44"/>
      </object_component>
      <object_component id="oc-7c">
         <name>.int57</name>
         <load_address>0xfffa</load_address>
         <run_address>0xfffa</run_address>
         <size>0x2</size>
         <input_file_ref idref="fl-45"/>
      </object_component>
      <object_component id="oc-7d">
         <name>.int58</name>
         <load_address>0xfffc</load_address>
         <run_address>0xfffc</run_address>
         <size>0x2</size>
         <input_file_ref idref="fl-46"/>
      </object_component>
      <object_component id="oc-27e">
         <name>.reset</name>
         <load_address>0xfffe</load_address>
         <run_address>0xfffe</run_address>
         <size>0x2</size>
         <input_file_ref idref="fl-4c"/>
      </object_component>
      <object_component id="oc-449">
         <name>.debug_info</name>
         <load_address>0x0</load_address>
         <run_address>0x0</run_address>
         <size>0x48f</size>
         <input_file_ref idref="fl-2"/>
      </object_component>
      <object_component id="oc-501">
         <name>.debug_info</name>
         <load_address>0x48f</load_address>
         <run_address>0x48f</run_address>
         <size>0xc6</size>
         <input_file_ref idref="fl-2"/>
      </object_component>
      <object_component id="oc-4fe">
         <name>.debug_info</name>
         <load_address>0x555</load_address>
         <run_address>0x555</run_address>
         <size>0xd2</size>
         <input_file_ref idref="fl-2"/>
      </object_component>
      <object_component id="oc-3f5">
         <name>.debug_info</name>
         <load_address>0x627</load_address>
         <run_address>0x627</run_address>
         <size>0xc9</size>
         <input_file_ref idref="fl-2"/>
      </object_component>
      <object_component id="oc-440">
         <name>.debug_info</name>
         <load_address>0x6f0</load_address>
         <run_address>0x6f0</run_address>
         <size>0xc9</size>
         <input_file_ref idref="fl-2"/>
      </object_component>
      <object_component id="oc-443">
         <name>.debug_info</name>
         <load_address>0x7b9</load_address>
         <run_address>0x7b9</run_address>
         <size>0x158</size>
         <input_file_ref idref="fl-2"/>
      </object_component>
      <object_component id="oc-346">
         <name>.debug_info</name>
         <load_address>0x911</load_address>
         <run_address>0x911</run_address>
         <size>0x1f7</size>
         <input_file_ref idref="fl-2"/>
      </object_component>
      <object_component id="oc-33f">
         <name>.debug_info</name>
         <load_address>0xb08</load_address>
         <run_address>0xb08</run_address>
         <size>0x296</size>
         <input_file_ref idref="fl-2"/>
      </object_component>
      <object_component id="oc-45a">
         <name>.debug_info</name>
         <load_address>0xd9e</load_address>
         <run_address>0xd9e</run_address>
         <size>0x26b</size>
         <input_file_ref idref="fl-2"/>
      </object_component>
      <object_component id="oc-434">
         <name>.debug_info</name>
         <load_address>0x1009</load_address>
         <run_address>0x1009</run_address>
         <size>0x9e</size>
         <input_file_ref idref="fl-2"/>
      </object_component>
      <object_component id="oc-506">
         <name>.debug_info</name>
         <load_address>0x10a7</load_address>
         <run_address>0x10a7</run_address>
         <size>0x392</size>
         <input_file_ref idref="fl-2"/>
      </object_component>
      <object_component id="oc-393">
         <name>.debug_info</name>
         <load_address>0x1439</load_address>
         <run_address>0x1439</run_address>
         <size>0x8b</size>
         <input_file_ref idref="fl-2"/>
      </object_component>
      <object_component id="oc-4d1">
         <name>.debug_info</name>
         <load_address>0x14c4</load_address>
         <run_address>0x14c4</run_address>
         <size>0x275</size>
         <input_file_ref idref="fl-2"/>
      </object_component>
      <object_component id="oc-3d8">
         <name>.debug_info</name>
         <load_address>0x1739</load_address>
         <run_address>0x1739</run_address>
         <size>0xbb</size>
         <input_file_ref idref="fl-2"/>
      </object_component>
      <object_component id="oc-44d">
         <name>.debug_info</name>
         <load_address>0x17f4</load_address>
         <run_address>0x17f4</run_address>
         <size>0x2c</size>
         <input_file_ref idref="fl-2"/>
      </object_component>
      <object_component id="oc-35e">
         <name>.debug_info</name>
         <load_address>0x1820</load_address>
         <run_address>0x1820</run_address>
         <size>0x4fa</size>
         <input_file_ref idref="fl-3"/>
      </object_component>
      <object_component id="oc-390">
         <name>.debug_info</name>
         <load_address>0x1d1a</load_address>
         <run_address>0x1d1a</run_address>
         <size>0xd3</size>
         <input_file_ref idref="fl-3"/>
      </object_component>
      <object_component id="oc-336">
         <name>.debug_info</name>
         <load_address>0x1ded</load_address>
         <run_address>0x1ded</run_address>
         <size>0x1af</size>
         <input_file_ref idref="fl-3"/>
      </object_component>
      <object_component id="oc-37e">
         <name>.debug_info</name>
         <load_address>0x1f9c</load_address>
         <run_address>0x1f9c</run_address>
         <size>0x226</size>
         <input_file_ref idref="fl-3"/>
      </object_component>
      <object_component id="oc-339">
         <name>.debug_info</name>
         <load_address>0x21c2</load_address>
         <run_address>0x21c2</run_address>
         <size>0x3d2</size>
         <input_file_ref idref="fl-3"/>
      </object_component>
      <object_component id="oc-352">
         <name>.debug_info</name>
         <load_address>0x2594</load_address>
         <run_address>0x2594</run_address>
         <size>0x491</size>
         <input_file_ref idref="fl-3"/>
      </object_component>
      <object_component id="oc-384">
         <name>.debug_info</name>
         <load_address>0x2a25</load_address>
         <run_address>0x2a25</run_address>
         <size>0x1fc</size>
         <input_file_ref idref="fl-3"/>
      </object_component>
      <object_component id="oc-2f0">
         <name>.debug_info</name>
         <load_address>0x2c21</load_address>
         <run_address>0x2c21</run_address>
         <size>0x662</size>
         <input_file_ref idref="fl-3"/>
      </object_component>
      <object_component id="oc-45f">
         <name>.debug_info</name>
         <load_address>0x3283</load_address>
         <run_address>0x3283</run_address>
         <size>0xcc</size>
         <input_file_ref idref="fl-3"/>
      </object_component>
      <object_component id="oc-51c">
         <name>.debug_info</name>
         <load_address>0x334f</load_address>
         <run_address>0x334f</run_address>
         <size>0x2c</size>
         <input_file_ref idref="fl-3"/>
      </object_component>
      <object_component id="oc-285">
         <name>.debug_info</name>
         <load_address>0x337b</load_address>
         <run_address>0x337b</run_address>
         <size>0x84</size>
         <input_file_ref idref="fl-5"/>
      </object_component>
      <object_component id="oc-4d8">
         <name>.debug_info</name>
         <load_address>0x33ff</load_address>
         <run_address>0x33ff</run_address>
         <size>0x151</size>
         <input_file_ref idref="fl-d"/>
      </object_component>
      <object_component id="oc-3df">
         <name>.debug_info</name>
         <load_address>0x3550</load_address>
         <run_address>0x3550</run_address>
         <size>0xe4</size>
         <input_file_ref idref="fl-d"/>
      </object_component>
      <object_component id="oc-32a">
         <name>.debug_info</name>
         <load_address>0x3634</load_address>
         <run_address>0x3634</run_address>
         <size>0x1d3</size>
         <input_file_ref idref="fl-d"/>
      </object_component>
      <object_component id="oc-3e8">
         <name>.debug_info</name>
         <load_address>0x3807</load_address>
         <run_address>0x3807</run_address>
         <size>0x1d5</size>
         <input_file_ref idref="fl-d"/>
      </object_component>
      <object_component id="oc-324">
         <name>.debug_info</name>
         <load_address>0x39dc</load_address>
         <run_address>0x39dc</run_address>
         <size>0x1ca</size>
         <input_file_ref idref="fl-d"/>
      </object_component>
      <object_component id="oc-31e">
         <name>.debug_info</name>
         <load_address>0x3ba6</load_address>
         <run_address>0x3ba6</run_address>
         <size>0x1f3</size>
         <input_file_ref idref="fl-d"/>
      </object_component>
      <object_component id="oc-330">
         <name>.debug_info</name>
         <load_address>0x3d99</load_address>
         <run_address>0x3d99</run_address>
         <size>0x1c8</size>
         <input_file_ref idref="fl-d"/>
      </object_component>
      <object_component id="oc-38a">
         <name>.debug_info</name>
         <load_address>0x3f61</load_address>
         <run_address>0x3f61</run_address>
         <size>0x1d5</size>
         <input_file_ref idref="fl-d"/>
      </object_component>
      <object_component id="oc-4f0">
         <name>.debug_info</name>
         <load_address>0x4136</load_address>
         <run_address>0x4136</run_address>
         <size>0x14a</size>
         <input_file_ref idref="fl-f"/>
      </object_component>
      <object_component id="oc-40b">
         <name>.debug_info</name>
         <load_address>0x4280</load_address>
         <run_address>0x4280</run_address>
         <size>0x198</size>
         <input_file_ref idref="fl-f"/>
      </object_component>
      <object_component id="oc-405">
         <name>.debug_info</name>
         <load_address>0x4418</load_address>
         <run_address>0x4418</run_address>
         <size>0x19e</size>
         <input_file_ref idref="fl-f"/>
      </object_component>
      <object_component id="oc-4e1">
         <name>.debug_info</name>
         <load_address>0x45b6</load_address>
         <run_address>0x45b6</run_address>
         <size>0x1a9</size>
         <input_file_ref idref="fl-f"/>
      </object_component>
      <object_component id="oc-3f0">
         <name>.debug_info</name>
         <load_address>0x475f</load_address>
         <run_address>0x475f</run_address>
         <size>0x2f1</size>
         <input_file_ref idref="fl-f"/>
      </object_component>
      <object_component id="oc-423">
         <name>.debug_info</name>
         <load_address>0x4a50</load_address>
         <run_address>0x4a50</run_address>
         <size>0x1ec</size>
         <input_file_ref idref="fl-f"/>
      </object_component>
      <object_component id="oc-417">
         <name>.debug_info</name>
         <load_address>0x4c3c</load_address>
         <run_address>0x4c3c</run_address>
         <size>0x192</size>
         <input_file_ref idref="fl-f"/>
      </object_component>
      <object_component id="oc-429">
         <name>.debug_info</name>
         <load_address>0x4dce</load_address>
         <run_address>0x4dce</run_address>
         <size>0x1ba</size>
         <input_file_ref idref="fl-f"/>
      </object_component>
      <object_component id="oc-42f">
         <name>.debug_info</name>
         <load_address>0x4f88</load_address>
         <run_address>0x4f88</run_address>
         <size>0x152</size>
         <input_file_ref idref="fl-f"/>
      </object_component>
      <object_component id="oc-3ff">
         <name>.debug_info</name>
         <load_address>0x50da</load_address>
         <run_address>0x50da</run_address>
         <size>0x190</size>
         <input_file_ref idref="fl-f"/>
      </object_component>
      <object_component id="oc-411">
         <name>.debug_info</name>
         <load_address>0x526a</load_address>
         <run_address>0x526a</run_address>
         <size>0x16e</size>
         <input_file_ref idref="fl-f"/>
      </object_component>
      <object_component id="oc-41d">
         <name>.debug_info</name>
         <load_address>0x53d8</load_address>
         <run_address>0x53d8</run_address>
         <size>0x16a</size>
         <input_file_ref idref="fl-f"/>
      </object_component>
      <object_component id="oc-31b">
         <name>.debug_info</name>
         <load_address>0x5542</load_address>
         <run_address>0x5542</run_address>
         <size>0x11a</size>
         <input_file_ref idref="fl-11"/>
      </object_component>
      <object_component id="oc-312">
         <name>.debug_info</name>
         <load_address>0x565c</load_address>
         <run_address>0x565c</run_address>
         <size>0x177</size>
         <input_file_ref idref="fl-1a"/>
      </object_component>
      <object_component id="oc-495">
         <name>.debug_info</name>
         <load_address>0x57d3</load_address>
         <run_address>0x57d3</run_address>
         <size>0x138</size>
         <input_file_ref idref="fl-35"/>
      </object_component>
      <object_component id="oc-549">
         <name>.debug_info</name>
         <load_address>0x590b</load_address>
         <run_address>0x590b</run_address>
         <size>0x124</size>
         <input_file_ref idref="fl-36"/>
      </object_component>
      <object_component id="oc-297">
         <name>.debug_info</name>
         <load_address>0x5a2f</load_address>
         <run_address>0x5a2f</run_address>
         <size>0x112</size>
         <input_file_ref idref="fl-47"/>
      </object_component>
      <object_component id="oc-4e6">
         <name>.debug_info</name>
         <load_address>0x5b41</load_address>
         <run_address>0x5b41</run_address>
         <size>0x123</size>
         <input_file_ref idref="fl-48"/>
      </object_component>
      <object_component id="oc-4db">
         <name>.debug_info</name>
         <load_address>0x5c64</load_address>
         <run_address>0x5c64</run_address>
         <size>0x123</size>
         <input_file_ref idref="fl-49"/>
      </object_component>
      <object_component id="oc-379">
         <name>.debug_info</name>
         <load_address>0x5d87</load_address>
         <run_address>0x5d87</run_address>
         <size>0x124</size>
         <input_file_ref idref="fl-4a"/>
      </object_component>
      <object_component id="oc-53a">
         <name>.debug_info</name>
         <load_address>0x5eab</load_address>
         <run_address>0x5eab</run_address>
         <size>0x124</size>
         <input_file_ref idref="fl-4b"/>
      </object_component>
      <object_component id="oc-27c">
         <name>.debug_info</name>
         <load_address>0x5fcf</load_address>
         <run_address>0x5fcf</run_address>
         <size>0x100</size>
         <input_file_ref idref="fl-4c"/>
      </object_component>
      <object_component id="oc-2ae">
         <name>.debug_info</name>
         <load_address>0x60cf</load_address>
         <run_address>0x60cf</run_address>
         <size>0x17a</size>
         <input_file_ref idref="fl-4c"/>
      </object_component>
      <object_component id="oc-4b7">
         <name>.debug_info</name>
         <load_address>0x6249</load_address>
         <run_address>0x6249</run_address>
         <size>0x4a8</size>
         <input_file_ref idref="fl-4d"/>
      </object_component>
      <object_component id="oc-3bd">
         <name>.debug_info</name>
         <load_address>0x66f1</load_address>
         <run_address>0x66f1</run_address>
         <size>0x216</size>
         <input_file_ref idref="fl-4d"/>
      </object_component>
      <object_component id="oc-565">
         <name>.debug_info</name>
         <load_address>0x6907</load_address>
         <run_address>0x6907</run_address>
         <size>0x39</size>
         <input_file_ref idref="fl-4d"/>
      </object_component>
      <object_component id="oc-571">
         <name>.debug_info</name>
         <load_address>0x6940</load_address>
         <run_address>0x6940</run_address>
         <size>0x2c</size>
         <input_file_ref idref="fl-4d"/>
      </object_component>
      <object_component id="oc-4c2">
         <name>.debug_info</name>
         <load_address>0x696c</load_address>
         <run_address>0x696c</run_address>
         <size>0x2c</size>
         <input_file_ref idref="fl-4d"/>
      </object_component>
      <object_component id="oc-56a">
         <name>.debug_info</name>
         <load_address>0x6998</load_address>
         <run_address>0x6998</run_address>
         <size>0xcd</size>
         <input_file_ref idref="fl-4d"/>
      </object_component>
      <object_component id="oc-29c">
         <name>.debug_info</name>
         <load_address>0x6a65</load_address>
         <run_address>0x6a65</run_address>
         <size>0x1d3</size>
         <input_file_ref idref="fl-4e"/>
      </object_component>
      <object_component id="oc-2e3">
         <name>.debug_info</name>
         <load_address>0x6c38</load_address>
         <run_address>0x6c38</run_address>
         <size>0x46</size>
         <input_file_ref idref="fl-4e"/>
      </object_component>
      <object_component id="oc-2ea">
         <name>.debug_info</name>
         <load_address>0x6c7e</load_address>
         <run_address>0x6c7e</run_address>
         <size>0x153</size>
         <input_file_ref idref="fl-51"/>
      </object_component>
      <object_component id="oc-4b1">
         <name>.debug_info</name>
         <load_address>0x6dd1</load_address>
         <run_address>0x6dd1</run_address>
         <size>0x150</size>
         <input_file_ref idref="fl-52"/>
      </object_component>
      <object_component id="oc-295">
         <name>.debug_info</name>
         <load_address>0x6f21</load_address>
         <run_address>0x6f21</run_address>
         <size>0x1da</size>
         <input_file_ref idref="fl-53"/>
      </object_component>
      <object_component id="oc-6b">
         <name>.debug_info</name>
         <load_address>0x70fb</load_address>
         <run_address>0x70fb</run_address>
         <size>0x1f2</size>
         <input_file_ref idref="fl-53"/>
      </object_component>
      <object_component id="oc-290">
         <name>.debug_info</name>
         <load_address>0x72ed</load_address>
         <run_address>0x72ed</run_address>
         <size>0x46</size>
         <input_file_ref idref="fl-53"/>
      </object_component>
      <object_component id="oc-65">
         <name>.debug_info</name>
         <load_address>0x7333</load_address>
         <run_address>0x7333</run_address>
         <size>0x2b8</size>
         <input_file_ref idref="fl-54"/>
      </object_component>
      <object_component id="oc-30b">
         <name>.debug_info</name>
         <load_address>0x75eb</load_address>
         <run_address>0x75eb</run_address>
         <size>0x46</size>
         <input_file_ref idref="fl-54"/>
      </object_component>
      <object_component id="oc-2d9">
         <name>.debug_info</name>
         <load_address>0x7631</load_address>
         <run_address>0x7631</run_address>
         <size>0x39</size>
         <input_file_ref idref="fl-54"/>
      </object_component>
      <object_component id="oc-280">
         <name>.debug_info</name>
         <load_address>0x766a</load_address>
         <run_address>0x766a</run_address>
         <size>0x60</size>
         <input_file_ref idref="fl-54"/>
      </object_component>
      <object_component id="oc-373">
         <name>.debug_info</name>
         <load_address>0x76ca</load_address>
         <run_address>0x76ca</run_address>
         <size>0x17c</size>
         <input_file_ref idref="fl-55"/>
      </object_component>
      <object_component id="oc-48d">
         <name>.debug_info</name>
         <load_address>0x7846</load_address>
         <run_address>0x7846</run_address>
         <size>0x1b0</size>
         <input_file_ref idref="fl-56"/>
      </object_component>
      <object_component id="oc-486">
         <name>.debug_info</name>
         <load_address>0x79f6</load_address>
         <run_address>0x79f6</run_address>
         <size>0x94</size>
         <input_file_ref idref="fl-56"/>
      </object_component>
      <object_component id="oc-369">
         <name>.debug_info</name>
         <load_address>0x7a8a</load_address>
         <run_address>0x7a8a</run_address>
         <size>0x166</size>
         <input_file_ref idref="fl-57"/>
      </object_component>
      <object_component id="oc-533">
         <name>.debug_info</name>
         <load_address>0x7bf0</load_address>
         <run_address>0x7bf0</run_address>
         <size>0x166</size>
         <input_file_ref idref="fl-58"/>
      </object_component>
      <object_component id="oc-479">
         <name>.debug_info</name>
         <load_address>0x7d56</load_address>
         <run_address>0x7d56</run_address>
         <size>0x1f3</size>
         <input_file_ref idref="fl-58"/>
      </object_component>
      <object_component id="oc-48b">
         <name>.debug_info</name>
         <load_address>0x7f49</load_address>
         <run_address>0x7f49</run_address>
         <size>0x19d</size>
         <input_file_ref idref="fl-59"/>
      </object_component>
      <object_component id="oc-370">
         <name>.debug_info</name>
         <load_address>0x80e6</load_address>
         <run_address>0x80e6</run_address>
         <size>0x263</size>
         <input_file_ref idref="fl-59"/>
      </object_component>
      <object_component id="oc-39b">
         <name>.debug_info</name>
         <load_address>0x8349</load_address>
         <run_address>0x8349</run_address>
         <size>0x122</size>
         <input_file_ref idref="fl-5a"/>
      </object_component>
      <object_component id="oc-457">
         <name>.debug_info</name>
         <load_address>0x846b</load_address>
         <run_address>0x846b</run_address>
         <size>0x191</size>
         <input_file_ref idref="fl-5d"/>
      </object_component>
      <object_component id="oc-358">
         <name>.debug_info</name>
         <load_address>0x85fc</load_address>
         <run_address>0x85fc</run_address>
         <size>0x190</size>
         <input_file_ref idref="fl-5d"/>
      </object_component>
      <object_component id="oc-50f">
         <name>.debug_info</name>
         <load_address>0x878c</load_address>
         <run_address>0x878c</run_address>
         <size>0xf9</size>
         <input_file_ref idref="fl-5e"/>
      </object_component>
      <object_component id="oc-454">
         <name>.debug_info</name>
         <load_address>0x8885</load_address>
         <run_address>0x8885</run_address>
         <size>0x105</size>
         <input_file_ref idref="fl-5e"/>
      </object_component>
      <object_component id="oc-4ee">
         <name>.debug_info</name>
         <load_address>0x898a</load_address>
         <run_address>0x898a</run_address>
         <size>0x181</size>
         <input_file_ref idref="fl-5f"/>
      </object_component>
      <object_component id="oc-3f8">
         <name>.debug_info</name>
         <load_address>0x8b0b</load_address>
         <run_address>0x8b0b</run_address>
         <size>0x17a</size>
         <input_file_ref idref="fl-5f"/>
      </object_component>
      <object_component id="oc-44c">
         <name>.debug_info</name>
         <load_address>0x8c85</load_address>
         <run_address>0x8c85</run_address>
         <size>0x16d</size>
         <input_file_ref idref="fl-60"/>
      </object_component>
      <object_component id="oc-34c">
         <name>.debug_info</name>
         <load_address>0x8df2</load_address>
         <run_address>0x8df2</run_address>
         <size>0x27b</size>
         <input_file_ref idref="fl-60"/>
      </object_component>
      <object_component id="oc-477">
         <name>.debug_info</name>
         <load_address>0x906d</load_address>
         <run_address>0x906d</run_address>
         <size>0x20b</size>
         <input_file_ref idref="fl-61"/>
      </object_component>
      <object_component id="oc-361">
         <name>.debug_info</name>
         <load_address>0x9278</load_address>
         <run_address>0x9278</run_address>
         <size>0x1c2</size>
         <input_file_ref idref="fl-61"/>
      </object_component>
      <object_component id="oc-465">
         <name>.debug_info</name>
         <load_address>0x943a</load_address>
         <run_address>0x943a</run_address>
         <size>0x198</size>
         <input_file_ref idref="fl-61"/>
      </object_component>
      <object_component id="oc-46b">
         <name>.debug_info</name>
         <load_address>0x95d2</load_address>
         <run_address>0x95d2</run_address>
         <size>0x16d</size>
         <input_file_ref idref="fl-61"/>
      </object_component>
      <object_component id="oc-597">
         <name>.debug_info</name>
         <load_address>0x973f</load_address>
         <run_address>0x973f</run_address>
         <size>0x2c</size>
         <input_file_ref idref="fl-61"/>
      </object_component>
      <object_component id="oc-4fa">
         <name>.debug_info</name>
         <load_address>0x976b</load_address>
         <run_address>0x976b</run_address>
         <size>0x162</size>
         <input_file_ref idref="fl-62"/>
      </object_component>
      <object_component id="oc-43a">
         <name>.debug_info</name>
         <load_address>0x98cd</load_address>
         <run_address>0x98cd</run_address>
         <size>0x236</size>
         <input_file_ref idref="fl-62"/>
      </object_component>
      <object_component id="oc-28b">
         <name>.debug_info</name>
         <load_address>0x9b03</load_address>
         <run_address>0x9b03</run_address>
         <size>0x124</size>
         <input_file_ref idref="fl-63"/>
      </object_component>
      <object_component id="oc-529">
         <name>.debug_info</name>
         <load_address>0x9c27</load_address>
         <run_address>0x9c27</run_address>
         <size>0x129</size>
         <input_file_ref idref="fl-64"/>
      </object_component>
      <object_component id="oc-543">
         <name>.debug_info</name>
         <load_address>0x9d50</load_address>
         <run_address>0x9d50</run_address>
         <size>0x123</size>
         <input_file_ref idref="fl-65"/>
      </object_component>
      <object_component id="oc-52e">
         <name>.debug_info</name>
         <load_address>0x9e73</load_address>
         <run_address>0x9e73</run_address>
         <size>0x129</size>
         <input_file_ref idref="fl-65"/>
      </object_component>
      <object_component id="oc-53f">
         <name>.debug_info</name>
         <load_address>0x9f9c</load_address>
         <run_address>0x9f9c</run_address>
         <size>0x16d</size>
         <input_file_ref idref="fl-68"/>
      </object_component>
      <object_component id="oc-483">
         <name>.debug_info</name>
         <load_address>0xa109</load_address>
         <run_address>0xa109</run_address>
         <size>0x33d</size>
         <input_file_ref idref="fl-68"/>
      </object_component>
      <object_component id="oc-51b">
         <name>.debug_info</name>
         <load_address>0xa446</load_address>
         <run_address>0xa446</run_address>
         <size>0x39d</size>
         <input_file_ref idref="fl-69"/>
      </object_component>
      <object_component id="oc-589">
         <name>.debug_info</name>
         <load_address>0xa7e3</load_address>
         <run_address>0xa7e3</run_address>
         <size>0x29b</size>
         <input_file_ref idref="fl-69"/>
      </object_component>
      <object_component id="oc-515">
         <name>.debug_info</name>
         <load_address>0xaa7e</load_address>
         <run_address>0xaa7e</run_address>
         <size>0x28f</size>
         <input_file_ref idref="fl-69"/>
      </object_component>
      <object_component id="oc-471">
         <name>.debug_info</name>
         <load_address>0xad0d</load_address>
         <run_address>0xad0d</run_address>
         <size>0x308</size>
         <input_file_ref idref="fl-69"/>
      </object_component>
      <object_component id="oc-521">
         <name>.debug_info</name>
         <load_address>0xb015</load_address>
         <run_address>0xb015</run_address>
         <size>0x86</size>
         <input_file_ref idref="fl-69"/>
      </object_component>
      <object_component id="oc-59c">
         <name>.debug_info</name>
         <load_address>0xb09b</load_address>
         <run_address>0xb09b</run_address>
         <size>0x39</size>
         <input_file_ref idref="fl-69"/>
      </object_component>
      <object_component id="oc-5b9">
         <name>.debug_info</name>
         <load_address>0xb0d4</load_address>
         <run_address>0xb0d4</run_address>
         <size>0x16e</size>
         <input_file_ref idref="fl-6a"/>
      </object_component>
      <object_component id="oc-592">
         <name>.debug_info</name>
         <load_address>0xb242</load_address>
         <run_address>0xb242</run_address>
         <size>0x1b6</size>
         <input_file_ref idref="fl-6a"/>
      </object_component>
      <object_component id="oc-535">
         <name>.debug_info</name>
         <load_address>0xb3f8</load_address>
         <run_address>0xb3f8</run_address>
         <size>0x129</size>
         <input_file_ref idref="fl-6b"/>
      </object_component>
      <object_component id="oc-629">
         <name>.debug_info</name>
         <load_address>0xb521</load_address>
         <run_address>0xb521</run_address>
         <size>0x9b</size>
      </object_component>
      <object_component id="oc-505">
         <name>.debug_line</name>
         <load_address>0x0</load_address>
         <run_address>0x0</run_address>
         <size>0xd9</size>
         <input_file_ref idref="fl-2"/>
      </object_component>
      <object_component id="oc-584">
         <name>.debug_line</name>
         <load_address>0xd9</load_address>
         <run_address>0xd9</run_address>
         <size>0x30</size>
         <input_file_ref idref="fl-2"/>
      </object_component>
      <object_component id="oc-582">
         <name>.debug_line</name>
         <load_address>0x109</load_address>
         <run_address>0x109</run_address>
         <size>0x30</size>
         <input_file_ref idref="fl-2"/>
      </object_component>
      <object_component id="oc-4ec">
         <name>.debug_line</name>
         <load_address>0x139</load_address>
         <run_address>0x139</run_address>
         <size>0x30</size>
         <input_file_ref idref="fl-2"/>
      </object_component>
      <object_component id="oc-4fc">
         <name>.debug_line</name>
         <load_address>0x169</load_address>
         <run_address>0x169</run_address>
         <size>0x30</size>
         <input_file_ref idref="fl-2"/>
      </object_component>
      <object_component id="oc-446">
         <name>.debug_line</name>
         <load_address>0x199</load_address>
         <run_address>0x199</run_address>
         <size>0x4a</size>
         <input_file_ref idref="fl-2"/>
      </object_component>
      <object_component id="oc-349">
         <name>.debug_line</name>
         <load_address>0x1e3</load_address>
         <run_address>0x1e3</run_address>
         <size>0x7c</size>
         <input_file_ref idref="fl-2"/>
      </object_component>
      <object_component id="oc-342">
         <name>.debug_line</name>
         <load_address>0x25f</load_address>
         <run_address>0x25f</run_address>
         <size>0x5f</size>
         <input_file_ref idref="fl-2"/>
      </object_component>
      <object_component id="oc-45d">
         <name>.debug_line</name>
         <load_address>0x2be</load_address>
         <run_address>0x2be</run_address>
         <size>0x77</size>
         <input_file_ref idref="fl-2"/>
      </object_component>
      <object_component id="oc-437">
         <name>.debug_line</name>
         <load_address>0x335</load_address>
         <run_address>0x335</run_address>
         <size>0x38</size>
         <input_file_ref idref="fl-2"/>
      </object_component>
      <object_component id="oc-509">
         <name>.debug_line</name>
         <load_address>0x36d</load_address>
         <run_address>0x36d</run_address>
         <size>0x3a</size>
         <input_file_ref idref="fl-2"/>
      </object_component>
      <object_component id="oc-396">
         <name>.debug_line</name>
         <load_address>0x3a7</load_address>
         <run_address>0x3a7</run_address>
         <size>0x20</size>
         <input_file_ref idref="fl-2"/>
      </object_component>
      <object_component id="oc-4d4">
         <name>.debug_line</name>
         <load_address>0x3c7</load_address>
         <run_address>0x3c7</run_address>
         <size>0x7b</size>
         <input_file_ref idref="fl-2"/>
      </object_component>
      <object_component id="oc-3db">
         <name>.debug_line</name>
         <load_address>0x442</load_address>
         <run_address>0x442</run_address>
         <size>0x78</size>
         <input_file_ref idref="fl-2"/>
      </object_component>
      <object_component id="oc-450">
         <name>.debug_line</name>
         <load_address>0x4ba</load_address>
         <run_address>0x4ba</run_address>
         <size>0x73</size>
         <input_file_ref idref="fl-2"/>
      </object_component>
      <object_component id="oc-459">
         <name>.debug_line</name>
         <load_address>0x52d</load_address>
         <run_address>0x52d</run_address>
         <size>0x1de</size>
         <input_file_ref idref="fl-3"/>
      </object_component>
      <object_component id="oc-49d">
         <name>.debug_line</name>
         <load_address>0x70b</load_address>
         <run_address>0x70b</run_address>
         <size>0x2d</size>
         <input_file_ref idref="fl-3"/>
      </object_component>
      <object_component id="oc-3e6">
         <name>.debug_line</name>
         <load_address>0x738</load_address>
         <run_address>0x738</run_address>
         <size>0x2d</size>
         <input_file_ref idref="fl-3"/>
      </object_component>
      <object_component id="oc-381">
         <name>.debug_line</name>
         <load_address>0x765</load_address>
         <run_address>0x765</run_address>
         <size>0x63</size>
         <input_file_ref idref="fl-3"/>
      </object_component>
      <object_component id="oc-33c">
         <name>.debug_line</name>
         <load_address>0x7c8</load_address>
         <run_address>0x7c8</run_address>
         <size>0x71</size>
         <input_file_ref idref="fl-3"/>
      </object_component>
      <object_component id="oc-355">
         <name>.debug_line</name>
         <load_address>0x839</load_address>
         <run_address>0x839</run_address>
         <size>0x9e</size>
         <input_file_ref idref="fl-3"/>
      </object_component>
      <object_component id="oc-387">
         <name>.debug_line</name>
         <load_address>0x8d7</load_address>
         <run_address>0x8d7</run_address>
         <size>0x60</size>
         <input_file_ref idref="fl-3"/>
      </object_component>
      <object_component id="oc-2f3">
         <name>.debug_line</name>
         <load_address>0x937</load_address>
         <run_address>0x937</run_address>
         <size>0x145</size>
         <input_file_ref idref="fl-3"/>
      </object_component>
      <object_component id="oc-462">
         <name>.debug_line</name>
         <load_address>0xa7c</load_address>
         <run_address>0xa7c</run_address>
         <size>0x72</size>
         <input_file_ref idref="fl-3"/>
      </object_component>
      <object_component id="oc-51f">
         <name>.debug_line</name>
         <load_address>0xaee</load_address>
         <run_address>0xaee</run_address>
         <size>0x73</size>
         <input_file_ref idref="fl-3"/>
      </object_component>
      <object_component id="oc-288">
         <name>.debug_line</name>
         <load_address>0xb61</load_address>
         <run_address>0xb61</run_address>
         <size>0x20</size>
         <input_file_ref idref="fl-5"/>
      </object_component>
      <object_component id="oc-577">
         <name>.debug_line</name>
         <load_address>0xb81</load_address>
         <run_address>0xb81</run_address>
         <size>0x20</size>
         <input_file_ref idref="fl-d"/>
      </object_component>
      <object_component id="oc-4d7">
         <name>.debug_line</name>
         <load_address>0xba1</load_address>
         <run_address>0xba1</run_address>
         <size>0x37</size>
         <input_file_ref idref="fl-d"/>
      </object_component>
      <object_component id="oc-32d">
         <name>.debug_line</name>
         <load_address>0xbd8</load_address>
         <run_address>0xbd8</run_address>
         <size>0x56</size>
         <input_file_ref idref="fl-d"/>
      </object_component>
      <object_component id="oc-3eb">
         <name>.debug_line</name>
         <load_address>0xc2e</load_address>
         <run_address>0xc2e</run_address>
         <size>0x56</size>
[...]
      </symbol>
      <symbol id="sm-342">
         <name>main</name>
         <value>0xc6c0</value>
         <object_component_ref idref="oc-2ef"/>
      </symbol>
      <symbol id="sm-343">
         <name>updateLED</name>
         <value>0xd970</value>
         <object_component_ref idref="oc-37d"/>
      </symbol>
      <symbol id="sm-344">
         <name>direction</name>
         <value>0x210c</value>
         <object_component_ref idref="oc-335"/>
      </symbol>
      <symbol id="sm-345">
         <name>setWheels</name>
         <value>0xd04a</value>
         <object_component_ref idref="oc-338"/>
      </symbol>
      <symbol id="sm-346">
         <name>threshold</name>
         <value>0x210a</value>
         <object_component_ref idref="oc-335"/>
      </symbol>
      <symbol id="sm-347">
         <name>tickCounter</name>
         <value>0x2106</value>
         <object_component_ref idref="oc-335"/>
      </symbol>
      <symbol id="sm-348">
         <name>getActualWheelDirection</name>
         <value>0xd87c</value>
         <object_component_ref idref="oc-383"/>
      </symbol>
      <symbol id="sm-349">
         <name>appRunning</name>
         <value>0x2108</value>
         <object_component_ref idref="oc-335"/>
      </symbol>
      <symbol id="sm-34a">
         <name>directionText</name>
         <value>0x20c8</value>
         <object_component_ref idref="oc-38f"/>
      </symbol>
      <symbol id="sm-34b">
         <name>detectKey</name>
         <value>0xceba</value>
         <object_component_ref idref="oc-351"/>
      </symbol>
      <symbol id="sm-395">
         <name>GPIO_setAsInputPin</name>
         <value>0xdd96</value>
         <object_component_ref idref="oc-32f"/>
      </symbol>
      <symbol id="sm-396">
         <name>GPIO_setOutputHighOnPin</name>
         <value>0xde36</value>
         <object_component_ref idref="oc-3e7"/>
      </symbol>
      <symbol id="sm-397">
         <name>GPIO_setAsInputPinWithPullDownResistor</name>
         <value>0xdd54</value>
         <object_component_ref idref="oc-31d"/>
      </symbol>
      <symbol id="sm-398">
         <name>GPIO_setAsOutputPin</name>
         <value>0xddea</value>
         <object_component_ref idref="oc-323"/>
      </symbol>
      <symbol id="sm-399">
         <name>GPIO_setOutputLowOnPin</name>
         <value>0xde4c</value>
         <object_component_ref idref="oc-329"/>
      </symbol>
      <symbol id="sm-39a">
         <name>GPIO_getInputPinValue</name>
         <value>0xddd0</value>
         <object_component_ref idref="oc-389"/>
      </symbol>
      <symbol id="sm-3fb">
         <name>LCD_E_clearAllMemory</name>
         <value>0xdf68</value>
         <object_component_ref idref="oc-41b"/>
      </symbol>
      <symbol id="sm-3fc">
         <name>LCD_E_on</name>
         <value>0xdf0a</value>
         <object_component_ref idref="oc-42d"/>
      </symbol>
      <symbol id="sm-3fd">
         <name>LCD_E_setPinAsCOM</name>
         <value>0xd6c0</value>
         <object_component_ref idref="oc-421"/>
      </symbol>
      <symbol id="sm-3fe">
         <name>LCD_E_setVLCDSource</name>
         <value>0xdeb6</value>
         <object_component_ref idref="oc-403"/>
      </symbol>
      <symbol id="sm-3ff">
         <name>LCD_E_selectDisplayMemory</name>
         <value>0xdf3a</value>
         <object_component_ref idref="oc-427"/>
      </symbol>
      <symbol id="sm-400">
         <name>LCD_E_setChargePumpFreq</name>
         <value>0xdf16</value>
         <object_component_ref idref="oc-415"/>
      </symbol>
      <symbol id="sm-401">
         <name>LCD_E_init</name>
         <value>0xdcde</value>
         <object_component_ref idref="oc-3fd"/>
      </symbol>
      <symbol id="sm-402">
         <name>LCD_E_enableChargePump</name>
         <value>0xdf58</value>
         <object_component_ref idref="oc-40f"/>
      </symbol>
      <symbol id="sm-403">
         <name>LCD_E_setVLCDVoltage</name>
         <value>0xdf22</value>
         <object_component_ref idref="oc-409"/>
      </symbol>
      <symbol id="sm-404">
         <name>LCD_E_setPinAsLCDFunctionEx</name>
         <value>0xd7fc</value>
         <object_component_ref idref="oc-3ee"/>
      </symbol>
      <symbol id="sm-40e">
         <name>PMM_unlockLPM5</name>
         <value>0xdf6e</value>
         <object_component_ref idref="oc-317"/>
      </symbol>
      <symbol id="sm-41f">
         <name>WDT_A_hold</name>
         <value>0xde62</value>
         <object_component_ref idref="oc-311"/>
      </symbol>
      <symbol id="sm-42b">
         <name>__mspabi_remi</name>
         <value>0xdcb2</value>
         <object_component_ref idref="oc-494"/>
      </symbol>
      <symbol id="sm-42c">
         <name>__mspabi_divi</name>
         <value>0xdcb2</value>
         <object_component_ref idref="oc-494"/>
      </symbol>
      <symbol id="sm-436">
         <name>__mspabi_remu</name>
         <value>0xde78</value>
         <object_component_ref idref="oc-548"/>
      </symbol>
      <symbol id="sm-437">
         <name>__mspabi_divu</name>
         <value>0xde78</value>
         <object_component_ref idref="oc-548"/>
      </symbol>
      <symbol id="sm-43c">
         <name>__TI_int45</name>
         <value>0xffe2</value>
         <object_component_ref idref="oc-70"/>
      </symbol>
      <symbol id="sm-43f">
         <name>__TI_int46</name>
         <value>0xffe4</value>
         <object_component_ref idref="oc-71"/>
      </symbol>
      <symbol id="sm-442">
         <name>__TI_int47</name>
         <value>0xffe6</value>
         <object_component_ref idref="oc-72"/>
      </symbol>
      <symbol id="sm-445">
         <name>__TI_int48</name>
         <value>0xffe8</value>
         <object_component_ref idref="oc-73"/>
      </symbol>
      <symbol id="sm-448">
         <name>__TI_int49</name>
         <value>0xffea</value>
         <object_component_ref idref="oc-74"/>
      </symbol>
      <symbol id="sm-44b">
         <name>__TI_int50</name>
         <value>0xffec</value>
         <object_component_ref idref="oc-75"/>
      </symbol>
      <symbol id="sm-44e">
         <name>__TI_int51</name>
         <value>0xffee</value>
         <object_component_ref idref="oc-76"/>
      </symbol>
      <symbol id="sm-451">
         <name>__TI_int52</name>
         <value>0xfff0</value>
         <object_component_ref idref="oc-77"/>
      </symbol>
      <symbol id="sm-454">
         <name>__TI_int53</name>
         <value>0xfff2</value>
         <object_component_ref idref="oc-78"/>
      </symbol>
      <symbol id="sm-457">
         <name>__TI_int54</name>
         <value>0xfff4</value>
         <object_component_ref idref="oc-79"/>
      </symbol>
      <symbol id="sm-45a">
         <name>__TI_int55</name>
         <value>0xfff6</value>
         <object_component_ref idref="oc-7a"/>
      </symbol>
      <symbol id="sm-45d">
         <name>__TI_int56</name>
         <value>0xfff8</value>
         <object_component_ref idref="oc-7b"/>
      </symbol>
      <symbol id="sm-460">
         <name>__TI_int57</name>
         <value>0xfffa</value>
         <object_component_ref idref="oc-7c"/>
      </symbol>
      <symbol id="sm-463">
         <name>__TI_int58</name>
         <value>0xfffc</value>
         <object_component_ref idref="oc-7d"/>
      </symbol>
      <symbol id="sm-46b">
         <name>__TI_ISR_TRAP</name>
         <value>0xdf60</value>
         <object_component_ref idref="oc-296"/>
      </symbol>
      <symbol id="sm-474">
         <name>__mspabi_slli</name>
         <value>0xdf44</value>
         <object_component_ref idref="oc-4e5"/>
      </symbol>
      <symbol id="sm-47d">
         <name>__mspabi_srli</name>
         <value>0xdf4e</value>
         <object_component_ref idref="oc-4da"/>
      </symbol>
      <symbol id="sm-487">
         <name>__mspabi_mpyi_sw</name>
         <value>0xdea2</value>
         <object_component_ref idref="oc-378"/>
      </symbol>
      <symbol id="sm-488">
         <name>__mspabi_mpyi</name>
         <value>0xdea2</value>
         <object_component_ref idref="oc-378"/>
      </symbol>
      <symbol id="sm-492">
         <name>__mspabi_mpyl_sw</name>
         <value>0xdd2e</value>
         <object_component_ref idref="oc-539"/>
      </symbol>
      <symbol id="sm-493">
         <name>__mspabi_mpyl</name>
         <value>0xdd2e</value>
         <object_component_ref idref="oc-539"/>
      </symbol>
      <symbol id="sm-4a3">
         <name>_stack</name>
         <value>0x2760</value>
         <object_component_ref idref="oc-27b"/>
      </symbol>
      <symbol id="sm-4a4">
         <name>_c_int00_noargs</name>
         <value>0xddb4</value>
         <object_component_ref idref="oc-2ad"/>
      </symbol>
      <symbol id="sm-4a5">
         <name>_reset_vector</name>
         <value>0xfffe</value>
         <object_component_ref idref="oc-27e"/>
      </symbol>
      <symbol id="sm-4c7">
         <name>__TI_auto_init_nobinit_nopinit_hold_wdt</name>
         <value>0xd9e4</value>
         <object_component_ref idref="oc-3bc"/>
      </symbol>
      <symbol id="sm-4d7">
         <name>__TI_zero_init_nomemset</name>
         <value>0xdb46</value>
         <object_component_ref idref="oc-29b"/>
      </symbol>
      <symbol id="sm-4e2">
         <name>_system_pre_init</name>
         <value>0xdf7a</value>
         <object_component_ref idref="oc-2e9"/>
      </symbol>
      <symbol id="sm-4eb">
         <name>_system_post_cinit</name>
         <value>0xdf7e</value>
         <object_component_ref idref="oc-4b0"/>
      </symbol>
      <symbol id="sm-4fc">
         <name>__TI_decompress_none</name>
         <value>0xdc3e</value>
         <object_component_ref idref="oc-6a"/>
      </symbol>
      <symbol id="sm-51d">
         <name>__TI_decompress_lzss</name>
         <value>0xd282</value>
         <object_component_ref idref="oc-64"/>
      </symbol>
      <symbol id="sm-52a">
         <name>__mspabi_fixdi</name>
         <value>0xdd06</value>
         <object_component_ref idref="oc-372"/>
      </symbol>
      <symbol id="sm-53e">
         <name>__mspabi_fixdli</name>
         <value>0xda4e</value>
         <object_component_ref idref="oc-48c"/>
      </symbol>
      <symbol id="sm-547">
         <name>__mspabi_fltid</name>
         <value>0xdf2e</value>
         <object_component_ref idref="oc-366"/>
      </symbol>
      <symbol id="sm-55f">
         <name>__mspabi_fltlid</name>
         <value>0xd75e</value>
         <object_component_ref idref="oc-478"/>
      </symbol>
      <symbol id="sm-580">
         <name>__mspabi_mpyd</name>
         <value>0xcc56</value>
         <object_component_ref idref="oc-36c"/>
      </symbol>
      <symbol id="sm-58a">
         <name>C$$EXIT</name>
         <value>0xdf74</value>
         <object_component_ref idref="oc-398"/>
      </symbol>
      <symbol id="sm-58b">
         <name>abort</name>
         <value>0xdf74</value>
         <object_component_ref idref="oc-398"/>
      </symbol>
      <symbol id="sm-5a0">
         <name>atoi</name>
         <value>0xdab4</value>
         <object_component_ref idref="oc-357"/>
      </symbol>
      <symbol id="sm-5aa">
         <name>_ctypes_</name>
         <value>0xc462</value>
         <object_component_ref idref="oc-453"/>
      </symbol>
      <symbol id="sm-5b8">
         <name>memcpy</name>
         <value>0xdeda</value>
         <object_component_ref idref="oc-3f7"/>
      </symbol>
      <symbol id="sm-5c6">
         <name>memset</name>
         <value>0xde8e</value>
         <object_component_ref idref="oc-34b"/>
      </symbol>
      <symbol id="sm-5e7">
         <name>sprintf</name>
         <value>0xdc7a</value>
         <object_component_ref idref="oc-360"/>
      </symbol>
      <symbol id="sm-5f4">
         <name>strlen</name>
         <value>0xdefc</value>
         <object_component_ref idref="oc-439"/>
      </symbol>
      <symbol id="sm-5ff">
         <name>__memcpy_far</name>
         <value>0xdb06</value>
         <object_component_ref idref="oc-28a"/>
      </symbol>
      <symbol id="sm-607">
         <name>__mspabi_slll_9</name>
         <value>0xdbda</value>
         <object_component_ref idref="oc-528"/>
      </symbol>
      <symbol id="sm-608">
         <name>__mspabi_slll_8</name>
         <value>0xdbde</value>
         <object_component_ref idref="oc-528"/>
      </symbol>
      <symbol id="sm-609">
         <name>__mspabi_slll_7</name>
         <value>0xdbe2</value>
         <object_component_ref idref="oc-528"/>
      </symbol>
      <symbol id="sm-60a">
         <name>__mspabi_slll_6</name>
         <value>0xdbe6</value>
         <object_component_ref idref="oc-528"/>
      </symbol>
      <symbol id="sm-60b">
         <name>__mspabi_slll_5</name>
         <value>0xdbea</value>
         <object_component_ref idref="oc-528"/>
      </symbol>
      <symbol id="sm-60c">
         <name>__mspabi_slll_4</name>
         <value>0xdbee</value>
         <object_component_ref idref="oc-528"/>
      </symbol>
      <symbol id="sm-60d">
         <name>__mspabi_slll_3</name>
         <value>0xdbf2</value>
         <object_component_ref idref="oc-528"/>
      </symbol>
      <symbol id="sm-60e">
         <name>__mspabi_slll_2</name>
         <value>0xdbf6</value>
         <object_component_ref idref="oc-528"/>
      </symbol>
      <symbol id="sm-60f">
         <name>__mspabi_slll_1</name>
         <value>0xdbfa</value>
         <object_component_ref idref="oc-528"/>
      </symbol>
      <symbol id="sm-610">
         <name>__mspabi_slll_15</name>
         <value>0xdbc2</value>
         <object_component_ref idref="oc-528"/>
      </symbol>
      <symbol id="sm-611">
         <name>__mspabi_slll_14</name>
         <value>0xdbc6</value>
         <object_component_ref idref="oc-528"/>
      </symbol>
      <symbol id="sm-612">
         <name>__mspabi_slll_13</name>
         <value>0xdbca</value>
         <object_component_ref idref="oc-528"/>
      </symbol>
      <symbol id="sm-613">
         <name>__mspabi_slll_12</name>
         <value>0xdbce</value>
         <object_component_ref idref="oc-528"/>
      </symbol>
      <symbol id="sm-614">
         <name>__mspabi_slll_11</name>
         <value>0xdbd2</value>
         <object_component_ref idref="oc-528"/>
      </symbol>
      <symbol id="sm-615">
         <name>__mspabi_slll_10</name>
         <value>0xdbd6</value>
         <object_component_ref idref="oc-528"/>
      </symbol>
      <symbol id="sm-625">
         <name>__mspabi_srll_8</name>
         <value>0xdc1c</value>
         <object_component_ref idref="oc-52d"/>
      </symbol>
      <symbol id="sm-626">
         <name>__mspabi_srll_9</name>
         <value>0xdc18</value>
         <object_component_ref idref="oc-52d"/>
      </symbol>
      <symbol id="sm-627">
         <name>__mspabi_srll_6</name>
         <value>0xdc24</value>
         <object_component_ref idref="oc-52d"/>
      </symbol>
      <symbol id="sm-628">
         <name>__mspabi_srll_7</name>
         <value>0xdc20</value>
         <object_component_ref idref="oc-52d"/>
      </symbol>
      <symbol id="sm-629">
         <name>__mspabi_srll_4</name>
         <value>0xdc2c</value>
         <object_component_ref idref="oc-52d"/>
      </symbol>
      <symbol id="sm-62a">
         <name>__mspabi_srll_5</name>
         <value>0xdc28</value>
         <object_component_ref idref="oc-52d"/>
      </symbol>
      <symbol id="sm-62b">
         <name>__mspabi_srll_2</name>
         <value>0xdc34</value>
         <object_component_ref idref="oc-52d"/>
      </symbol>
      <symbol id="sm-62c">
         <name>__mspabi_srll_3</name>
         <value>0xdc30</value>
         <object_component_ref idref="oc-52d"/>
      </symbol>
      <symbol id="sm-62d">
         <name>__mspabi_srll_1</name>
         <value>0xdc38</value>
         <object_component_ref idref="oc-52d"/>
      </symbol>
      <symbol id="sm-62e">
         <name>__mspabi_srll_15</name>
         <value>0xdc00</value>
         <object_component_ref idref="oc-52d"/>
      </symbol>
      <symbol id="sm-62f">
         <name>__mspabi_srll_14</name>
         <value>0xdc04</value>
         <object_component_ref idref="oc-52d"/>
      </symbol>
      <symbol id="sm-630">
         <name>__mspabi_srll_13</name>
         <value>0xdc08</value>
         <object_component_ref idref="oc-52d"/>
      </symbol>
      <symbol id="sm-631">
         <name>__mspabi_srll_12</name>
         <value>0xdc0c</value>
         <object_component_ref idref="oc-52d"/>
      </symbol>
      <symbol id="sm-632">
         <name>__mspabi_srll_11</name>
         <value>0xdc10</value>
         <object_component_ref idref="oc-52d"/>
      </symbol>
      <symbol id="sm-633">
         <name>__mspabi_srll_10</name>
         <value>0xdc14</value>
         <object_component_ref idref="oc-52d"/>
      </symbol>
      <symbol id="sm-634">
         <name>__mspabi_srll</name>
         <value>0xdeec</value>
         <object_component_ref idref="oc-542"/>
      </symbol>
      <symbol id="sm-646">
         <name>__TI_frcmpyd</name>
         <value>0xc9d6</value>
         <object_component_ref idref="oc-47f"/>
      </symbol>
      <symbol id="sm-68f">
         <name>__TI_printfi_minimal</name>
         <value>0xd370</value>
         <object_component_ref idref="oc-470"/>
      </symbol>
      <symbol id="sm-69e">
         <name>memccpy</name>
         <value>0xde04</value>
         <object_component_ref idref="oc-58e"/>
      </symbol>
      <symbol id="sm-6a6">
         <name>__mspabi_sral_15</name>
         <value>0xdb84</value>
         <object_component_ref idref="oc-534"/>
      </symbol>
      <symbol id="sm-6a7">
         <name>__mspabi_sral_14</name>
         <value>0xdb88</value>
         <object_component_ref idref="oc-534"/>
      </symbol>
      <symbol id="sm-6a8">
         <name>__mspabi_sral_13</name>
         <value>0xdb8c</value>
         <object_component_ref idref="oc-534"/>
      </symbol>
      <symbol id="sm-6a9">
         <name>__mspabi_sral_12</name>
         <value>0xdb90</value>
         <object_component_ref idref="oc-534"/>
      </symbol>
      <symbol id="sm-6aa">
         <name>__mspabi_sral_11</name>
         <value>0xdb94</value>
         <object_component_ref idref="oc-534"/>
      </symbol>
      <symbol id="sm-6ab">
         <name>__mspabi_sral_10</name>
         <value>0xdb98</value>
         <object_component_ref idref="oc-534"/>
      </symbol>
      <symbol id="sm-6ac">
         <name>__mspabi_sral_8</name>
         <value>0xdba0</value>
         <object_component_ref idref="oc-534"/>
      </symbol>
      <symbol id="sm-6ad">
         <name>__mspabi_sral_9</name>
         <value>0xdb9c</value>
         <object_component_ref idref="oc-534"/>
      </symbol>
      <symbol id="sm-6ae">
         <name>__mspabi_sral_6</name>
         <value>0xdba8</value>
         <object_component_ref idref="oc-534"/>
      </symbol>
      <symbol id="sm-6af">
         <name>__mspabi_sral_7</name>
         <value>0xdba4</value>
         <object_component_ref idref="oc-534"/>
      </symbol>
      <symbol id="sm-6b0">
         <name>__mspabi_sral_4</name>
         <value>0xdbb0</value>
         <object_component_ref idref="oc-534"/>
      </symbol>
      <symbol id="sm-6b1">
         <name>__mspabi_sral_5</name>
         <value>0xdbac</value>
         <object_component_ref idref="oc-534"/>
      </symbol>
      <symbol id="sm-6b2">
         <name>__mspabi_sral_2</name>
         <value>0xdbb8</value>
         <object_component_ref idref="oc-534"/>
      </symbol>
      <symbol id="sm-6b3">
         <name>__mspabi_sral_3</name>
         <value>0xdbb4</value>
         <object_component_ref idref="oc-534"/>
      </symbol>
      <symbol id="sm-6b4">
         <name>__mspabi_sral_1</name>
         <value>0xdbbc</value>
         <object_component_ref idref="oc-534"/>
      </symbol>
   </symbol_table>
   <title>Link successful</title>
</link_info>
